// Jest Snapshot v1, https://goo.gl/fbAQLP

exports[`Header.vue snapshot 1`] = `
<nav
  class="navbar navbar-light"
>
  <div
    class="container"
  >
    <nuxt-link-stub
      class="navbar-brand"
      to="/"
    >
      
      siteName
    
    </nuxt-link-stub>
     
    <ul
      class="nav navbar-nav pull-xs-right"
    >
      <li
        class="nav-item"
      >
        <nuxt-link-stub
          class="nav-link"
          to="/"
        >
          
          Home
        
        </nuxt-link-stub>
      </li>
       
      <li
        class="nav-item"
      >
        <nuxt-link-stub
          class="nav-link"
          to="/post"
        >
          <i
            class="ion-compose"
          />
           New Post
        
        </nuxt-link-stub>
      </li>
       
      <li
        class="nav-item"
      >
        <nuxt-link-stub
          class="nav-link"
          to="/settings"
        >
          <i
            class="ion-gear-a"
          />
           Settings
        
        </nuxt-link-stub>
      </li>
       
      <li
        class="nav-item"
      >
        <nuxt-link-stub
          class="nav-link"
          to="/register"
        >
          
          Sign up
        
        </nuxt-link-stub>
      </li>
    </ul>
  </div>
</nav>
`;
