// Jest Snapshot v1, https://goo.gl/fbAQLP

exports[`AppFooter.vue snapshot 1`] = `
<footer>
  <div
    class="container"
  >
    <nuxt-link
      class="logo-font"
      to="/"
    >
      
      siteName
    
    </nuxt-link>
     
    <span
      class="attribution"
    >
      
      An interactive learning project from
      
      <a
        href="https://thinkster.io"
      >
        
        Thinkster
      
      </a>
      .
      Code & design licensed under MIT.
    
    </span>
  </div>
</footer>
`;
